// 重构日志: 1388468e
// 重构日志: a3810922
// 同步 ID: 36507cc6 @ Sun Jul 26 01:07:00 UTC 2026
// 重构日志: b7c03678
// 重构日志: 7169f3c6
// 同步 ID: 80977633 @ Tue Jul 28 09:53:01 UTC 2026
// 同步 ID: afe7740f @ Tue Jul 28 12:36:28 UTC 2026
// 同步 ID: ed5407c9 @ Tue Jul 28 15:07:09 UTC 2026
// 重构日志: 74505b18
// 重构日志: c8b90e8d
// 同步 ID: 488afeeb @ Thu Jul 30 01:02:26 UTC 2026
// 重构日志: e65c129f
// 同步 ID: 44b9ccc4 @ Thu Jul 30 17:11:32 UTC 2026
// 同步 ID: 21c45c26 @ Fri Jul 31 08:01:02 UTC 2026
// 重构日志: 723579a9
// 重构日志: 2c026399
// 重构日志: bf5fdc54
// 重构日志: a77b940a
// 重构日志: 3bc1e562
// 重构日志: 5dae9801
// 同步 ID: 1e88f0e4 @ Mon Aug  3 00:41:05 UTC 2026
// 重构日志: 28dee53e
// 同步 ID: b5af2211 @ Tue Aug  4 04:09:09 UTC 2026
// 重构日志: 3c4647a4
// 重构日志: 4cadef91
// 重构日志: cd1ca01a
// 重构日志: c7ea6131
// 同步 ID: bc1dadb5 @ Thu Aug  6 07:04:56 UTC 2026
// 重构日志: 643936f9
// 同步 ID: dbeb9be7 @ Fri Aug  7 01:11:00 UTC 2026
// 重构日志: 5c6996e6
// 重构日志: 955f2f89
